// Jest Snapshot v1, https://goo.gl/fbAQLP

exports[`FileUpload test FileUpload should match snapshot 1`] = `
<Fragment>
  <input
    accept="mockAccept"
    className="makeStyles-fileUpload-1"
    id="mockName"
    name="mockName"
    onChange={[Function]}
    type="file"
  />
  <label
    className="makeStyles-fileUploadLabel-2"
    for="mockName"
    style={
      Object {
        "width": "100px",
      }
    }
  >
    <Memo([object Object])
      fontSize="small"
      style={
        Object {
          "paddingTop": "4px",
        }
      }
    />
  </label>
</Fragment>
`;
