// Jest Snapshot v1, https://goo.gl/fbAQLP

exports[`Navbar test Navbar should match snapshot 1`] = `
<WithStyles(ForwardRef(AppBar))
  className="makeStyles-root-1"
  position="static"
>
  <WithStyles(ForwardRef(Toolbar))>
    <WithStyles(ForwardRef(Typography))
      className="makeStyles-title-2"
      variant="h6"
    >
      UniWorld Editor
    </WithStyles(ForwardRef(Typography))>
    <WithStyles(ForwardRef(Button))
      color="inherit"
      component={
        Object {
          "$$typeof": Symbol(react.forward_ref),
          "propTypes": Object {
            "innerRef": [Function],
            "onClick": [Function],
            "replace": [Function],
            "target": [Function],
            "to": [Function],
          },
          "render": [Function],
        }
      }
      to="/"
    >
      Home
    </WithStyles(ForwardRef(Button))>
    <WithStyles(ForwardRef(Button))
      color="inherit"
      component={
        Object {
          "$$typeof": Symbol(react.forward_ref),
          "propTypes": Object {
            "innerRef": [Function],
            "onClick": [Function],
            "replace": [Function],
            "target": [Function],
            "to": [Function],
          },
          "render": [Function],
        }
      }
      to="/eventrooms"
    >
      Event Rooms
    </WithStyles(ForwardRef(Button))>
    <WithStyles(ForwardRef(Button))
      color="inherit"
      component={
        Object {
          "$$typeof": Symbol(react.forward_ref),
          "propTypes": Object {
            "innerRef": [Function],
            "onClick": [Function],
            "replace": [Function],
            "target": [Function],
            "to": [Function],
          },
          "render": [Function],
        }
      }
      to="/lecturerooms"
    >
      Lecture Rooms
    </WithStyles(ForwardRef(Button))>
  </WithStyles(ForwardRef(Toolbar))>
</WithStyles(ForwardRef(AppBar))>
`;
