// Jest Snapshot v1, https://goo.gl/fbAQLP

exports[`TableGrid test TableGrid should match snapshot 1`] = `
<Fragment>
  <div
    className="makeStyles-gridContainer-1"
  >
    <div
      className="makeStyles-gridItem-2"
    >
       
    </div>
    <div
      className="makeStyles-gridItem-2"
    >
       
    </div>
    <div
      className="makeStyles-gridItem-2 makeStyles-gridItemFill-3"
    >
       
    </div>
    <div
      className="makeStyles-gridItem-2 makeStyles-gridItemFill-3"
    >
       
    </div>
    <div
      className="makeStyles-gridItem-2 makeStyles-gridItemFill-3"
    >
       
    </div>
    <div
      className="makeStyles-gridItem-2 makeStyles-gridItemFill-3"
    >
       
    </div>
    <div
      className="makeStyles-gridItem-2 makeStyles-gridItemFill-3"
    >
       
    </div>
    <div
      className="makeStyles-gridItem-2"
    >
       
    </div>
    <div
      className="makeStyles-gridItem-2"
    >
       
    </div>
    <div
      className="makeStyles-gridItem-2"
    >
       
    </div>
    <div
      className="makeStyles-gridItem-2 makeStyles-gridItemFill-3"
    >
       
    </div>
    <div
      className="makeStyles-gridItem-2 makeStyles-gridItemFill-3"
    >
       
    </div>
    <div
      className="makeStyles-gridItem-2 makeStyles-gridItemFill-3"
    >
       
    </div>
    <div
      className="makeStyles-gridItem-2 makeStyles-gridItemFill-3"
    >
       
    </div>
    <div
      className="makeStyles-gridItem-2 makeStyles-gridItemFill-3"
    >
       
    </div>
    <div
      className="makeStyles-gridItem-2 makeStyles-gridItemFill-3"
    >
       
    </div>
    <div
      className="makeStyles-gridItem-2 makeStyles-gridItemFill-3"
    >
       
    </div>
    <div
      className="makeStyles-gridItem-2"
    >
       
    </div>
    <div
      className="makeStyles-gridItem-2 makeStyles-gridItemFill-3"
    >
       
    </div>
    <div
      className="makeStyles-gridItem-2 makeStyles-gridItemFill-3"
    >
       
    </div>
    <div
      className="makeStyles-gridItem-2 makeStyles-gridItemFill-3"
    >
       
    </div>
    <div
      className="makeStyles-gridItem-2 makeStyles-gridItemFill-3"
    >
       
    </div>
    <div
      className="makeStyles-gridItem-2 makeStyles-gridItemFill-3"
    >
       
    </div>
    <div
      className="makeStyles-gridItem-2 makeStyles-gridItemFill-3"
    >
       
    </div>
    <div
      className="makeStyles-gridItem-2 makeStyles-gridItemFill-3"
    >
       
    </div>
    <div
      className="makeStyles-gridItem-2 makeStyles-gridItemFill-3"
    >
       
    </div>
    <div
      className="makeStyles-gridItem-2 makeStyles-gridItemFill-3"
    >
       
    </div>
    <div
      className="makeStyles-gridItem-2 makeStyles-gridItemFill-3"
    >
       
    </div>
    <div
      className="makeStyles-gridItem-2 makeStyles-gridItemFill-3"
    >
       
    </div>
    <div
      className="makeStyles-gridItem-2 makeStyles-gridItemFill-3"
    >
       
    </div>
    <div
      className="makeStyles-gridItem-2 makeStyles-gridItemFill-3"
    >
       
    </div>
    <div
      className="makeStyles-gridItem-2 makeStyles-gridItemFill-3"
    >
       
    </div>
    <div
      className="makeStyles-gridItem-2 makeStyles-gridItemFill-3"
    >
       
    </div>
    <div
      className="makeStyles-gridItem-2 makeStyles-gridItemFill-3"
    >
       
    </div>
    <div
      className="makeStyles-gridItem-2 makeStyles-gridItemFill-3"
    >
       
    </div>
    <div
      className="makeStyles-gridItem-2 makeStyles-gridItemFill-3"
    >
       
    </div>
    <div
      className="makeStyles-gridItem-2 makeStyles-gridItemFill-3"
    >
       
    </div>
    <div
      className="makeStyles-gridItem-2 makeStyles-gridItemFill-3"
    >
       
    </div>
    <div
      className="makeStyles-gridItem-2 makeStyles-gridItemFill-3"
    >
       
    </div>
    <div
      className="makeStyles-gridItem-2 makeStyles-gridItemFill-3"
    >
       
    </div>
    <div
      className="makeStyles-gridItem-2 makeStyles-gridItemFill-3"
      id={0}
    >
      <WithStyles(ForwardRef(Avatar))
        src="roundtable.png"
      />
    </div>
    <div
      className="makeStyles-gridItem-2 makeStyles-gridItemFill-3"
    >
       
    </div>
    <div
      className="makeStyles-gridItem-2 makeStyles-gridItemFill-3"
    >
       
    </div>
    <div
      className="makeStyles-gridItem-2 makeStyles-gridItemFill-3"
    >
       
    </div>
    <div
      className="makeStyles-gridItem-2 makeStyles-gridItemFill-3"
    >
       
    </div>
    <div
      className="makeStyles-gridItem-2 makeStyles-gridItemFill-3"
    >
       
    </div>
    <div
      className="makeStyles-gridItem-2 makeStyles-gridItemFill-3"
    >
       
    </div>
    <div
      className="makeStyles-gridItem-2 makeStyles-gridItemFill-3"
    >
       
    </div>
    <div
      className="makeStyles-gridItem-2 makeStyles-gridItemFill-3"
    >
       
    </div>
    <div
      className="makeStyles-gridItem-2 makeStyles-gridItemFill-3"
    >
       
    </div>
    <div
      className="makeStyles-gridItem-2 makeStyles-gridItemFill-3"
    >
       
    </div>
    <div
      className="makeStyles-gridItem-2 makeStyles-gridItemFill-3"
    >
       
    </div>
    <div
      className="makeStyles-gridItem-2 makeStyles-gridItemFill-3"
    >
       
    </div>
    <div
      className="makeStyles-gridItem-2 makeStyles-gridItemFill-3"
    >
       
    </div>
    <div
      className="makeStyles-gridItem-2 makeStyles-gridItemFill-3"
    >
       
    </div>
    <div
      className="makeStyles-gridItem-2 makeStyles-gridItemFill-3"
    >
       
    </div>
    <div
      className="makeStyles-gridItem-2 makeStyles-gridItemFill-3"
    >
       
    </div>
    <div
      className="makeStyles-gridItem-2 makeStyles-gridItemFill-3"
    >
       
    </div>
    <div
      className="makeStyles-gridItem-2 makeStyles-gridItemFill-3"
    >
       
    </div>
    <div
      className="makeStyles-gridItem-2 makeStyles-gridItemFill-3"
    >
       
    </div>
    <div
      className="makeStyles-gridItem-2 makeStyles-gridItemFill-3"
    >
       
    </div>
    <div
      className="makeStyles-gridItem-2 makeStyles-gridItemFill-3"
    >
       
    </div>
    <div
      className="makeStyles-gridItem-2 makeStyles-gridItemFill-3"
    >
       
    </div>
    <div
      className="makeStyles-gridItem-2"
    >
       
    </div>
    <div
      className="makeStyles-gridItem-2 makeStyles-gridItemFill-3"
    >
       
    </div>
    <div
      className="makeStyles-gridItem-2 makeStyles-gridItemFill-3"
    >
       
    </div>
    <div
      className="makeStyles-gridItem-2 makeStyles-gridItemFill-3"
    >
       
    </div>
    <div
      className="makeStyles-gridItem-2 makeStyles-gridItemFill-3"
    >
       
    </div>
    <div
      className="makeStyles-gridItem-2 makeStyles-gridItemFill-3"
    >
       
    </div>
    <div
      className="makeStyles-gridItem-2 makeStyles-gridItemFill-3"
    >
       
    </div>
    <div
      className="makeStyles-gridItem-2 makeStyles-gridItemFill-3"
    >
       
    </div>
    <div
      className="makeStyles-gridItem-2"
    >
       
    </div>
    <div
      className="makeStyles-gridItem-2"
    >
       
    </div>
    <div
      className="makeStyles-gridItem-2"
    >
       
    </div>
    <div
      className="makeStyles-gridItem-2 makeStyles-gridItemFill-3"
    >
       
    </div>
    <div
      className="makeStyles-gridItem-2 makeStyles-gridItemFill-3"
    >
       
    </div>
    <div
      className="makeStyles-gridItem-2 makeStyles-gridItemFill-3"
    >
       
    </div>
    <div
      className="makeStyles-gridItem-2 makeStyles-gridItemFill-3"
    >
       
    </div>
    <div
      className="makeStyles-gridItem-2 makeStyles-gridItemFill-3"
    >
       
    </div>
    <div
      className="makeStyles-gridItem-2"
    >
       
    </div>
    <div
      className="makeStyles-gridItem-2"
    >
       
    </div>
  </div>
</Fragment>
`;

exports[`TableGrid test TableGrid should match snapshot with empty tables array 1`] = `
<Fragment>
  <div
    className="makeStyles-gridContainer-1"
  >
    <div
      className="makeStyles-gridItem-2"
    >
       
    </div>
    <div
      className="makeStyles-gridItem-2"
    >
       
    </div>
    <div
      className="makeStyles-gridItem-2 makeStyles-gridItemFill-3"
    >
       
    </div>
    <div
      className="makeStyles-gridItem-2 makeStyles-gridItemFill-3"
    >
       
    </div>
    <div
      className="makeStyles-gridItem-2 makeStyles-gridItemFill-3"
    >
       
    </div>
    <div
      className="makeStyles-gridItem-2 makeStyles-gridItemFill-3"
    >
       
    </div>
    <div
      className="makeStyles-gridItem-2 makeStyles-gridItemFill-3"
    >
       
    </div>
    <div
      className="makeStyles-gridItem-2"
    >
       
    </div>
    <div
      className="makeStyles-gridItem-2"
    >
       
    </div>
    <div
      className="makeStyles-gridItem-2"
    >
       
    </div>
    <div
      className="makeStyles-gridItem-2 makeStyles-gridItemFill-3"
    >
       
    </div>
    <div
      className="makeStyles-gridItem-2 makeStyles-gridItemFill-3"
    >
       
    </div>
    <div
      className="makeStyles-gridItem-2 makeStyles-gridItemFill-3"
    >
       
    </div>
    <div
      className="makeStyles-gridItem-2 makeStyles-gridItemFill-3"
    >
       
    </div>
    <div
      className="makeStyles-gridItem-2 makeStyles-gridItemFill-3"
    >
       
    </div>
    <div
      className="makeStyles-gridItem-2 makeStyles-gridItemFill-3"
    >
       
    </div>
    <div
      className="makeStyles-gridItem-2 makeStyles-gridItemFill-3"
    >
       
    </div>
    <div
      className="makeStyles-gridItem-2"
    >
       
    </div>
    <div
      className="makeStyles-gridItem-2 makeStyles-gridItemFill-3"
    >
       
    </div>
    <div
      className="makeStyles-gridItem-2 makeStyles-gridItemFill-3"
    >
       
    </div>
    <div
      className="makeStyles-gridItem-2 makeStyles-gridItemFill-3"
    >
       
    </div>
    <div
      className="makeStyles-gridItem-2 makeStyles-gridItemFill-3"
    >
       
    </div>
    <div
      className="makeStyles-gridItem-2 makeStyles-gridItemFill-3"
    >
       
    </div>
    <div
      className="makeStyles-gridItem-2 makeStyles-gridItemFill-3"
    >
       
    </div>
    <div
      className="makeStyles-gridItem-2 makeStyles-gridItemFill-3"
    >
       
    </div>
    <div
      className="makeStyles-gridItem-2 makeStyles-gridItemFill-3"
    >
       
    </div>
    <div
      className="makeStyles-gridItem-2 makeStyles-gridItemFill-3"
    >
       
    </div>
    <div
      className="makeStyles-gridItem-2 makeStyles-gridItemFill-3"
    >
       
    </div>
    <div
      className="makeStyles-gridItem-2 makeStyles-gridItemFill-3"
    >
       
    </div>
    <div
      className="makeStyles-gridItem-2 makeStyles-gridItemFill-3"
    >
       
    </div>
    <div
      className="makeStyles-gridItem-2 makeStyles-gridItemFill-3"
    >
       
    </div>
    <div
      className="makeStyles-gridItem-2 makeStyles-gridItemFill-3"
    >
       
    </div>
    <div
      className="makeStyles-gridItem-2 makeStyles-gridItemFill-3"
    >
       
    </div>
    <div
      className="makeStyles-gridItem-2 makeStyles-gridItemFill-3"
    >
       
    </div>
    <div
      className="makeStyles-gridItem-2 makeStyles-gridItemFill-3"
    >
       
    </div>
    <div
      className="makeStyles-gridItem-2 makeStyles-gridItemFill-3"
    >
       
    </div>
    <div
      className="makeStyles-gridItem-2 makeStyles-gridItemFill-3"
    >
       
    </div>
    <div
      className="makeStyles-gridItem-2 makeStyles-gridItemFill-3"
    >
       
    </div>
    <div
      className="makeStyles-gridItem-2 makeStyles-gridItemFill-3"
    >
       
    </div>
    <div
      className="makeStyles-gridItem-2 makeStyles-gridItemFill-3"
    >
       
    </div>
    <div
      className="makeStyles-gridItem-2 makeStyles-gridItemFill-3"
    >
       
    </div>
    <div
      className="makeStyles-gridItem-2 makeStyles-gridItemFill-3"
    >
       
    </div>
    <div
      className="makeStyles-gridItem-2 makeStyles-gridItemFill-3"
    >
       
    </div>
    <div
      className="makeStyles-gridItem-2 makeStyles-gridItemFill-3"
    >
       
    </div>
    <div
      className="makeStyles-gridItem-2 makeStyles-gridItemFill-3"
    >
       
    </div>
    <div
      className="makeStyles-gridItem-2 makeStyles-gridItemFill-3"
    >
       
    </div>
    <div
      className="makeStyles-gridItem-2 makeStyles-gridItemFill-3"
    >
       
    </div>
    <div
      className="makeStyles-gridItem-2 makeStyles-gridItemFill-3"
    >
       
    </div>
    <div
      className="makeStyles-gridItem-2 makeStyles-gridItemFill-3"
    >
       
    </div>
    <div
      className="makeStyles-gridItem-2 makeStyles-gridItemFill-3"
    >
       
    </div>
    <div
      className="makeStyles-gridItem-2 makeStyles-gridItemFill-3"
    >
       
    </div>
    <div
      className="makeStyles-gridItem-2 makeStyles-gridItemFill-3"
    >
       
    </div>
    <div
      className="makeStyles-gridItem-2 makeStyles-gridItemFill-3"
    >
       
    </div>
    <div
      className="makeStyles-gridItem-2 makeStyles-gridItemFill-3"
    >
       
    </div>
    <div
      className="makeStyles-gridItem-2 makeStyles-gridItemFill-3"
    >
       
    </div>
    <div
      className="makeStyles-gridItem-2 makeStyles-gridItemFill-3"
    >
       
    </div>
    <div
      className="makeStyles-gridItem-2 makeStyles-gridItemFill-3"
    >
       
    </div>
    <div
      className="makeStyles-gridItem-2 makeStyles-gridItemFill-3"
    >
       
    </div>
    <div
      className="makeStyles-gridItem-2 makeStyles-gridItemFill-3"
    >
       
    </div>
    <div
      className="makeStyles-gridItem-2 makeStyles-gridItemFill-3"
    >
       
    </div>
    <div
      className="makeStyles-gridItem-2 makeStyles-gridItemFill-3"
    >
       
    </div>
    <div
      className="makeStyles-gridItem-2 makeStyles-gridItemFill-3"
    >
       
    </div>
    <div
      className="makeStyles-gridItem-2 makeStyles-gridItemFill-3"
    >
       
    </div>
    <div
      className="makeStyles-gridItem-2"
    >
       
    </div>
    <div
      className="makeStyles-gridItem-2 makeStyles-gridItemFill-3"
    >
       
    </div>
    <div
      className="makeStyles-gridItem-2 makeStyles-gridItemFill-3"
    >
       
    </div>
    <div
      className="makeStyles-gridItem-2 makeStyles-gridItemFill-3"
    >
       
    </div>
    <div
      className="makeStyles-gridItem-2 makeStyles-gridItemFill-3"
    >
       
    </div>
    <div
      className="makeStyles-gridItem-2 makeStyles-gridItemFill-3"
    >
       
    </div>
    <div
      className="makeStyles-gridItem-2 makeStyles-gridItemFill-3"
    >
       
    </div>
    <div
      className="makeStyles-gridItem-2 makeStyles-gridItemFill-3"
    >
       
    </div>
    <div
      className="makeStyles-gridItem-2"
    >
       
    </div>
    <div
      className="makeStyles-gridItem-2"
    >
       
    </div>
    <div
      className="makeStyles-gridItem-2"
    >
       
    </div>
    <div
      className="makeStyles-gridItem-2 makeStyles-gridItemFill-3"
    >
       
    </div>
    <div
      className="makeStyles-gridItem-2 makeStyles-gridItemFill-3"
    >
       
    </div>
    <div
      className="makeStyles-gridItem-2 makeStyles-gridItemFill-3"
    >
       
    </div>
    <div
      className="makeStyles-gridItem-2 makeStyles-gridItemFill-3"
    >
       
    </div>
    <div
      className="makeStyles-gridItem-2 makeStyles-gridItemFill-3"
    >
       
    </div>
    <div
      className="makeStyles-gridItem-2"
    >
       
    </div>
    <div
      className="makeStyles-gridItem-2"
    >
       
    </div>
  </div>
</Fragment>
`;
