// Jest Snapshot v1, https://goo.gl/fbAQLP

exports[`TableGridEditor test should match snapshot 1`] = `
<Fragment>
  <TableDialog
    id="editDialog"
    onClose={[Function]}
    onSubmit={[Function]}
    open={false}
  />
  <TableDialog
    id="tableDialog"
    onClose={[Function]}
    onSubmit={[Function]}
    open={false}
  />
  <div
    className="makeStyles-gridContainer-1"
  >
    <div
      className="makeStyles-gridItem-2"
    >
       
    </div>
    <div
      className="makeStyles-gridItem-2"
    >
       
    </div>
    <WithStyles(ForwardRef(Button))
      className="makeStyles-gridItem-2 makeStyles-gridItemFill-3"
      id="gridAddButton0-2"
      onClick={[Function]}
    >
       
    </WithStyles(ForwardRef(Button))>
    <WithStyles(ForwardRef(Button))
      className="makeStyles-gridItem-2 makeStyles-gridItemFill-3"
      id="gridAddButton0-3"
      onClick={[Function]}
    >
       
    </WithStyles(ForwardRef(Button))>
    <WithStyles(ForwardRef(Button))
      className="makeStyles-gridItem-2 makeStyles-gridItemFill-3"
      id="gridAddButton0-4"
      onClick={[Function]}
    >
       
    </WithStyles(ForwardRef(Button))>
    <WithStyles(ForwardRef(Button))
      className="makeStyles-gridItem-2 makeStyles-gridItemFill-3"
      id="gridAddButton0-5"
      onClick={[Function]}
    >
       
    </WithStyles(ForwardRef(Button))>
    <WithStyles(ForwardRef(Button))
      className="makeStyles-gridItem-2 makeStyles-gridItemFill-3"
      id="gridAddButton0-6"
      onClick={[Function]}
    >
       
    </WithStyles(ForwardRef(Button))>
    <div
      className="makeStyles-gridItem-2"
    >
       
    </div>
    <div
      className="makeStyles-gridItem-2"
    >
       
    </div>
    <div
      className="makeStyles-gridItem-2"
    >
       
    </div>
    <WithStyles(ForwardRef(Button))
      className="makeStyles-gridItem-2 makeStyles-gridItemFill-3"
      id="gridAddButton1-1"
      onClick={[Function]}
    >
       
    </WithStyles(ForwardRef(Button))>
    <WithStyles(ForwardRef(Button))
      className="makeStyles-gridItem-2 makeStyles-gridItemFill-3"
      id="gridAddButton1-2"
      onClick={[Function]}
    >
       
    </WithStyles(ForwardRef(Button))>
    <WithStyles(ForwardRef(Button))
      className="makeStyles-gridItem-2 makeStyles-gridItemFill-3"
      id="gridAddButton1-3"
      onClick={[Function]}
    >
       
    </WithStyles(ForwardRef(Button))>
    <WithStyles(ForwardRef(Button))
      className="makeStyles-gridItem-2 makeStyles-gridItemFill-3"
      id="gridAddButton1-4"
      onClick={[Function]}
    >
       
    </WithStyles(ForwardRef(Button))>
    <WithStyles(ForwardRef(Button))
      className="makeStyles-gridItem-2 makeStyles-gridItemFill-3"
      id="gridAddButton1-5"
      onClick={[Function]}
    >
       
    </WithStyles(ForwardRef(Button))>
    <WithStyles(ForwardRef(Button))
      className="makeStyles-gridItem-2 makeStyles-gridItemFill-3"
      id="gridAddButton1-6"
      onClick={[Function]}
    >
       
    </WithStyles(ForwardRef(Button))>
    <WithStyles(ForwardRef(Button))
      className="makeStyles-gridItem-2 makeStyles-gridItemFill-3"
      id="gridAddButton1-7"
      onClick={[Function]}
    >
       
    </WithStyles(ForwardRef(Button))>
    <div
      className="makeStyles-gridItem-2"
    >
       
    </div>
    <WithStyles(ForwardRef(Button))
      className="makeStyles-gridItem-2 makeStyles-gridItemFill-3"
      id="gridAddButton2-0"
      onClick={[Function]}
    >
       
    </WithStyles(ForwardRef(Button))>
    <WithStyles(ForwardRef(Button))
      className="makeStyles-gridItem-2 makeStyles-gridItemFill-3"
      id="gridAddButton2-1"
      onClick={[Function]}
    >
       
    </WithStyles(ForwardRef(Button))>
    <WithStyles(ForwardRef(Button))
      className="makeStyles-gridItem-2 makeStyles-gridItemFill-3"
      id="gridAddButton2-2"
      onClick={[Function]}
    >
       
    </WithStyles(ForwardRef(Button))>
    <WithStyles(ForwardRef(Button))
      className="makeStyles-gridItem-2 makeStyles-gridItemFill-3"
      id="gridAddButton2-3"
      onClick={[Function]}
    >
       
    </WithStyles(ForwardRef(Button))>
    <WithStyles(ForwardRef(Button))
      className="makeStyles-gridItem-2 makeStyles-gridItemFill-3"
      id="gridAddButton2-4"
      onClick={[Function]}
    >
       
    </WithStyles(ForwardRef(Button))>
    <WithStyles(ForwardRef(Button))
      className="makeStyles-gridItem-2 makeStyles-gridItemFill-3"
      id="gridAddButton2-5"
      onClick={[Function]}
    >
       
    </WithStyles(ForwardRef(Button))>
    <WithStyles(ForwardRef(Button))
      className="makeStyles-gridItem-2 makeStyles-gridItemFill-3"
      id="gridAddButton2-6"
      onClick={[Function]}
    >
       
    </WithStyles(ForwardRef(Button))>
    <WithStyles(ForwardRef(Button))
      className="makeStyles-gridItem-2 makeStyles-gridItemFill-3"
      id="gridAddButton2-7"
      onClick={[Function]}
    >
       
    </WithStyles(ForwardRef(Button))>
    <WithStyles(ForwardRef(Button))
      className="makeStyles-gridItem-2 makeStyles-gridItemFill-3"
      id="gridAddButton2-8"
      onClick={[Function]}
    >
       
    </WithStyles(ForwardRef(Button))>
    <WithStyles(ForwardRef(Button))
      className="makeStyles-gridItem-2 makeStyles-gridItemFill-3"
      id="gridAddButton3-0"
      onClick={[Function]}
    >
       
    </WithStyles(ForwardRef(Button))>
    <WithStyles(ForwardRef(Button))
      className="makeStyles-gridItem-2 makeStyles-gridItemFill-3"
      id="gridAddButton3-1"
      onClick={[Function]}
    >
       
    </WithStyles(ForwardRef(Button))>
    <WithStyles(ForwardRef(Button))
      className="makeStyles-gridItem-2 makeStyles-gridItemFill-3"
      id="gridAddButton3-2"
      onClick={[Function]}
    >
       
    </WithStyles(ForwardRef(Button))>
    <WithStyles(ForwardRef(Button))
      className="makeStyles-gridItem-2 makeStyles-gridItemFill-3"
      id="gridAddButton3-3"
      onClick={[Function]}
    >
       
    </WithStyles(ForwardRef(Button))>
    <WithStyles(ForwardRef(Button))
      className="makeStyles-gridItem-2 makeStyles-gridItemFill-3"
      id="gridAddButton3-4"
      onClick={[Function]}
    >
       
    </WithStyles(ForwardRef(Button))>
    <WithStyles(ForwardRef(Button))
      className="makeStyles-gridItem-2 makeStyles-gridItemFill-3"
      id="gridAddButton3-5"
      onClick={[Function]}
    >
       
    </WithStyles(ForwardRef(Button))>
    <WithStyles(ForwardRef(Button))
      className="makeStyles-gridItem-2 makeStyles-gridItemFill-3"
      id="gridAddButton3-6"
      onClick={[Function]}
    >
       
    </WithStyles(ForwardRef(Button))>
    <WithStyles(ForwardRef(Button))
      className="makeStyles-gridItem-2 makeStyles-gridItemFill-3"
      id="gridAddButton3-7"
      onClick={[Function]}
    >
       
    </WithStyles(ForwardRef(Button))>
    <WithStyles(ForwardRef(Button))
      className="makeStyles-gridItem-2 makeStyles-gridItemFill-3"
      id="gridAddButton3-8"
      onClick={[Function]}
    >
       
    </WithStyles(ForwardRef(Button))>
    <WithStyles(ForwardRef(Button))
      className="makeStyles-gridItem-2 makeStyles-gridItemFill-3"
      id="gridAddButton4-0"
      onClick={[Function]}
    >
       
    </WithStyles(ForwardRef(Button))>
    <WithStyles(ForwardRef(Button))
      className="makeStyles-gridItem-2 makeStyles-gridItemFill-3"
      id="gridAddButton4-1"
      onClick={[Function]}
    >
       
    </WithStyles(ForwardRef(Button))>
    <WithStyles(ForwardRef(Button))
      className="makeStyles-gridItem-2 makeStyles-gridItemFill-3"
      id="gridAddButton4-2"
      onClick={[Function]}
    >
       
    </WithStyles(ForwardRef(Button))>
    <WithStyles(ForwardRef(Button))
      className="makeStyles-gridItem-2 makeStyles-gridItemFill-3"
      id="gridAddButton4-3"
      onClick={[Function]}
    >
       
    </WithStyles(ForwardRef(Button))>
    <WithStyles(ForwardRef(Button))
      className="makeStyles-gridItem-2 makeStyles-gridItemFill-3"
      id="gridEditButton4-4"
      onClick={[Function]}
    >
      <WithStyles(ForwardRef(Avatar))
        src="roundtable.png"
      />
    </WithStyles(ForwardRef(Button))>
    <WithStyles(ForwardRef(Button))
      className="makeStyles-gridItem-2 makeStyles-gridItemFill-3"
      id="gridAddButton4-5"
      onClick={[Function]}
    >
       
    </WithStyles(ForwardRef(Button))>
    <WithStyles(ForwardRef(Button))
      className="makeStyles-gridItem-2 makeStyles-gridItemFill-3"
      id="gridAddButton4-6"
      onClick={[Function]}
    >
       
    </WithStyles(ForwardRef(Button))>
    <WithStyles(ForwardRef(Button))
      className="makeStyles-gridItem-2 makeStyles-gridItemFill-3"
      id="gridAddButton4-7"
      onClick={[Function]}
    >
       
    </WithStyles(ForwardRef(Button))>
    <WithStyles(ForwardRef(Button))
      className="makeStyles-gridItem-2 makeStyles-gridItemFill-3"
      id="gridAddButton4-8"
      onClick={[Function]}
    >
       
    </WithStyles(ForwardRef(Button))>
    <WithStyles(ForwardRef(Button))
      className="makeStyles-gridItem-2 makeStyles-gridItemFill-3"
      id="gridAddButton5-0"
      onClick={[Function]}
    >
       
    </WithStyles(ForwardRef(Button))>
    <WithStyles(ForwardRef(Button))
      className="makeStyles-gridItem-2 makeStyles-gridItemFill-3"
      id="gridAddButton5-1"
      onClick={[Function]}
    >
       
    </WithStyles(ForwardRef(Button))>
    <WithStyles(ForwardRef(Button))
      className="makeStyles-gridItem-2 makeStyles-gridItemFill-3"
      id="gridAddButton5-2"
      onClick={[Function]}
    >
       
    </WithStyles(ForwardRef(Button))>
    <WithStyles(ForwardRef(Button))
      className="makeStyles-gridItem-2 makeStyles-gridItemFill-3"
      id="gridAddButton5-3"
      onClick={[Function]}
    >
       
    </WithStyles(ForwardRef(Button))>
    <WithStyles(ForwardRef(Button))
      className="makeStyles-gridItem-2 makeStyles-gridItemFill-3"
      id="gridAddButton5-4"
      onClick={[Function]}
    >
       
    </WithStyles(ForwardRef(Button))>
    <WithStyles(ForwardRef(Button))
      className="makeStyles-gridItem-2 makeStyles-gridItemFill-3"
      id="gridAddButton5-5"
      onClick={[Function]}
    >
       
    </WithStyles(ForwardRef(Button))>
    <WithStyles(ForwardRef(Button))
      className="makeStyles-gridItem-2 makeStyles-gridItemFill-3"
      id="gridAddButton5-6"
      onClick={[Function]}
    >
       
    </WithStyles(ForwardRef(Button))>
    <WithStyles(ForwardRef(Button))
      className="makeStyles-gridItem-2 makeStyles-gridItemFill-3"
      id="gridAddButton5-7"
      onClick={[Function]}
    >
       
    </WithStyles(ForwardRef(Button))>
    <WithStyles(ForwardRef(Button))
      className="makeStyles-gridItem-2 makeStyles-gridItemFill-3"
      id="gridAddButton5-8"
      onClick={[Function]}
    >
       
    </WithStyles(ForwardRef(Button))>
    <WithStyles(ForwardRef(Button))
      className="makeStyles-gridItem-2 makeStyles-gridItemFill-3"
      id="gridAddButton6-0"
      onClick={[Function]}
    >
       
    </WithStyles(ForwardRef(Button))>
    <WithStyles(ForwardRef(Button))
      className="makeStyles-gridItem-2 makeStyles-gridItemFill-3"
      id="gridAddButton6-1"
      onClick={[Function]}
    >
       
    </WithStyles(ForwardRef(Button))>
    <WithStyles(ForwardRef(Button))
      className="makeStyles-gridItem-2 makeStyles-gridItemFill-3"
      id="gridAddButton6-2"
      onClick={[Function]}
    >
       
    </WithStyles(ForwardRef(Button))>
    <WithStyles(ForwardRef(Button))
      className="makeStyles-gridItem-2 makeStyles-gridItemFill-3"
      id="gridAddButton6-3"
      onClick={[Function]}
    >
       
    </WithStyles(ForwardRef(Button))>
    <WithStyles(ForwardRef(Button))
      className="makeStyles-gridItem-2 makeStyles-gridItemFill-3"
      id="gridAddButton6-4"
      onClick={[Function]}
    >
       
    </WithStyles(ForwardRef(Button))>
    <WithStyles(ForwardRef(Button))
      className="makeStyles-gridItem-2 makeStyles-gridItemFill-3"
      id="gridAddButton6-5"
      onClick={[Function]}
    >
       
    </WithStyles(ForwardRef(Button))>
    <WithStyles(ForwardRef(Button))
      className="makeStyles-gridItem-2 makeStyles-gridItemFill-3"
      id="gridAddButton6-6"
      onClick={[Function]}
    >
       
    </WithStyles(ForwardRef(Button))>
    <WithStyles(ForwardRef(Button))
      className="makeStyles-gridItem-2 makeStyles-gridItemFill-3"
      id="gridAddButton6-7"
      onClick={[Function]}
    >
       
    </WithStyles(ForwardRef(Button))>
    <WithStyles(ForwardRef(Button))
      className="makeStyles-gridItem-2 makeStyles-gridItemFill-3"
      id="gridAddButton6-8"
      onClick={[Function]}
    >
       
    </WithStyles(ForwardRef(Button))>
    <div
      className="makeStyles-gridItem-2"
    >
       
    </div>
    <WithStyles(ForwardRef(Button))
      className="makeStyles-gridItem-2 makeStyles-gridItemFill-3"
      id="gridAddButton7-1"
      onClick={[Function]}
    >
       
    </WithStyles(ForwardRef(Button))>
    <WithStyles(ForwardRef(Button))
      className="makeStyles-gridItem-2 makeStyles-gridItemFill-3"
      id="gridAddButton7-2"
      onClick={[Function]}
    >
       
    </WithStyles(ForwardRef(Button))>
    <WithStyles(ForwardRef(Button))
      className="makeStyles-gridItem-2 makeStyles-gridItemFill-3"
      id="gridAddButton7-3"
      onClick={[Function]}
    >
       
    </WithStyles(ForwardRef(Button))>
    <WithStyles(ForwardRef(Button))
      className="makeStyles-gridItem-2 makeStyles-gridItemFill-3"
      id="gridAddButton7-4"
      onClick={[Function]}
    >
       
    </WithStyles(ForwardRef(Button))>
    <WithStyles(ForwardRef(Button))
      className="makeStyles-gridItem-2 makeStyles-gridItemFill-3"
      id="gridAddButton7-5"
      onClick={[Function]}
    >
       
    </WithStyles(ForwardRef(Button))>
    <WithStyles(ForwardRef(Button))
      className="makeStyles-gridItem-2 makeStyles-gridItemFill-3"
      id="gridAddButton7-6"
      onClick={[Function]}
    >
       
    </WithStyles(ForwardRef(Button))>
    <WithStyles(ForwardRef(Button))
      className="makeStyles-gridItem-2 makeStyles-gridItemFill-3"
      id="gridAddButton7-7"
      onClick={[Function]}
    >
       
    </WithStyles(ForwardRef(Button))>
    <div
      className="makeStyles-gridItem-2"
    >
       
    </div>
    <div
      className="makeStyles-gridItem-2"
    >
       
    </div>
    <div
      className="makeStyles-gridItem-2"
    >
       
    </div>
    <WithStyles(ForwardRef(Button))
      className="makeStyles-gridItem-2 makeStyles-gridItemFill-3"
      id="gridAddButton8-2"
      onClick={[Function]}
    >
       
    </WithStyles(ForwardRef(Button))>
    <WithStyles(ForwardRef(Button))
      className="makeStyles-gridItem-2 makeStyles-gridItemFill-3"
      id="gridAddButton8-3"
      onClick={[Function]}
    >
       
    </WithStyles(ForwardRef(Button))>
    <WithStyles(ForwardRef(Button))
      className="makeStyles-gridItem-2 makeStyles-gridItemFill-3"
      id="gridAddButton8-4"
      onClick={[Function]}
    >
       
    </WithStyles(ForwardRef(Button))>
    <WithStyles(ForwardRef(Button))
      className="makeStyles-gridItem-2 makeStyles-gridItemFill-3"
      id="gridAddButton8-5"
      onClick={[Function]}
    >
       
    </WithStyles(ForwardRef(Button))>
    <WithStyles(ForwardRef(Button))
      className="makeStyles-gridItem-2 makeStyles-gridItemFill-3"
      id="gridAddButton8-6"
      onClick={[Function]}
    >
       
    </WithStyles(ForwardRef(Button))>
    <div
      className="makeStyles-gridItem-2"
    >
       
    </div>
    <div
      className="makeStyles-gridItem-2"
    >
       
    </div>
  </div>
</Fragment>
`;

exports[`TableGridEditor test should match snapshot with empty tables array 1`] = `
<Fragment>
  <TableDialog
    id="editDialog"
    onClose={[Function]}
    onSubmit={[Function]}
    open={false}
  />
  <TableDialog
    id="tableDialog"
    onClose={[Function]}
    onSubmit={[Function]}
    open={false}
  />
  <div
    className="makeStyles-gridContainer-1"
  >
    <div
      className="makeStyles-gridItem-2"
    >
       
    </div>
    <div
      className="makeStyles-gridItem-2"
    >
       
    </div>
    <WithStyles(ForwardRef(Button))
      className="makeStyles-gridItem-2 makeStyles-gridItemFill-3"
      id="gridAddButton0-2"
      onClick={[Function]}
    >
       
    </WithStyles(ForwardRef(Button))>
    <WithStyles(ForwardRef(Button))
      className="makeStyles-gridItem-2 makeStyles-gridItemFill-3"
      id="gridAddButton0-3"
      onClick={[Function]}
    >
       
    </WithStyles(ForwardRef(Button))>
    <WithStyles(ForwardRef(Button))
      className="makeStyles-gridItem-2 makeStyles-gridItemFill-3"
      id="gridAddButton0-4"
      onClick={[Function]}
    >
       
    </WithStyles(ForwardRef(Button))>
    <WithStyles(ForwardRef(Button))
      className="makeStyles-gridItem-2 makeStyles-gridItemFill-3"
      id="gridAddButton0-5"
      onClick={[Function]}
    >
       
    </WithStyles(ForwardRef(Button))>
    <WithStyles(ForwardRef(Button))
      className="makeStyles-gridItem-2 makeStyles-gridItemFill-3"
      id="gridAddButton0-6"
      onClick={[Function]}
    >
       
    </WithStyles(ForwardRef(Button))>
    <div
      className="makeStyles-gridItem-2"
    >
       
    </div>
    <div
      className="makeStyles-gridItem-2"
    >
       
    </div>
    <div
      className="makeStyles-gridItem-2"
    >
       
    </div>
    <WithStyles(ForwardRef(Button))
      className="makeStyles-gridItem-2 makeStyles-gridItemFill-3"
      id="gridAddButton1-1"
      onClick={[Function]}
    >
       
    </WithStyles(ForwardRef(Button))>
    <WithStyles(ForwardRef(Button))
      className="makeStyles-gridItem-2 makeStyles-gridItemFill-3"
      id="gridAddButton1-2"
      onClick={[Function]}
    >
       
    </WithStyles(ForwardRef(Button))>
    <WithStyles(ForwardRef(Button))
      className="makeStyles-gridItem-2 makeStyles-gridItemFill-3"
      id="gridAddButton1-3"
      onClick={[Function]}
    >
       
    </WithStyles(ForwardRef(Button))>
    <WithStyles(ForwardRef(Button))
      className="makeStyles-gridItem-2 makeStyles-gridItemFill-3"
      id="gridAddButton1-4"
      onClick={[Function]}
    >
       
    </WithStyles(ForwardRef(Button))>
    <WithStyles(ForwardRef(Button))
      className="makeStyles-gridItem-2 makeStyles-gridItemFill-3"
      id="gridAddButton1-5"
      onClick={[Function]}
    >
       
    </WithStyles(ForwardRef(Button))>
    <WithStyles(ForwardRef(Button))
      className="makeStyles-gridItem-2 makeStyles-gridItemFill-3"
      id="gridAddButton1-6"
      onClick={[Function]}
    >
       
    </WithStyles(ForwardRef(Button))>
    <WithStyles(ForwardRef(Button))
      className="makeStyles-gridItem-2 makeStyles-gridItemFill-3"
      id="gridAddButton1-7"
      onClick={[Function]}
    >
       
    </WithStyles(ForwardRef(Button))>
    <div
      className="makeStyles-gridItem-2"
    >
       
    </div>
    <WithStyles(ForwardRef(Button))
      className="makeStyles-gridItem-2 makeStyles-gridItemFill-3"
      id="gridAddButton2-0"
      onClick={[Function]}
    >
       
    </WithStyles(ForwardRef(Button))>
    <WithStyles(ForwardRef(Button))
      className="makeStyles-gridItem-2 makeStyles-gridItemFill-3"
      id="gridAddButton2-1"
      onClick={[Function]}
    >
       
    </WithStyles(ForwardRef(Button))>
    <WithStyles(ForwardRef(Button))
      className="makeStyles-gridItem-2 makeStyles-gridItemFill-3"
      id="gridAddButton2-2"
      onClick={[Function]}
    >
       
    </WithStyles(ForwardRef(Button))>
    <WithStyles(ForwardRef(Button))
      className="makeStyles-gridItem-2 makeStyles-gridItemFill-3"
      id="gridAddButton2-3"
      onClick={[Function]}
    >
       
    </WithStyles(ForwardRef(Button))>
    <WithStyles(ForwardRef(Button))
      className="makeStyles-gridItem-2 makeStyles-gridItemFill-3"
      id="gridAddButton2-4"
      onClick={[Function]}
    >
       
    </WithStyles(ForwardRef(Button))>
    <WithStyles(ForwardRef(Button))
      className="makeStyles-gridItem-2 makeStyles-gridItemFill-3"
      id="gridAddButton2-5"
      onClick={[Function]}
    >
       
    </WithStyles(ForwardRef(Button))>
    <WithStyles(ForwardRef(Button))
      className="makeStyles-gridItem-2 makeStyles-gridItemFill-3"
      id="gridAddButton2-6"
      onClick={[Function]}
    >
       
    </WithStyles(ForwardRef(Button))>
    <WithStyles(ForwardRef(Button))
      className="makeStyles-gridItem-2 makeStyles-gridItemFill-3"
      id="gridAddButton2-7"
      onClick={[Function]}
    >
       
    </WithStyles(ForwardRef(Button))>
    <WithStyles(ForwardRef(Button))
      className="makeStyles-gridItem-2 makeStyles-gridItemFill-3"
      id="gridAddButton2-8"
      onClick={[Function]}
    >
       
    </WithStyles(ForwardRef(Button))>
    <WithStyles(ForwardRef(Button))
      className="makeStyles-gridItem-2 makeStyles-gridItemFill-3"
      id="gridAddButton3-0"
      onClick={[Function]}
    >
       
    </WithStyles(ForwardRef(Button))>
    <WithStyles(ForwardRef(Button))
      className="makeStyles-gridItem-2 makeStyles-gridItemFill-3"
      id="gridAddButton3-1"
      onClick={[Function]}
    >
       
    </WithStyles(ForwardRef(Button))>
    <WithStyles(ForwardRef(Button))
      className="makeStyles-gridItem-2 makeStyles-gridItemFill-3"
      id="gridAddButton3-2"
      onClick={[Function]}
    >
       
    </WithStyles(ForwardRef(Button))>
    <WithStyles(ForwardRef(Button))
      className="makeStyles-gridItem-2 makeStyles-gridItemFill-3"
      id="gridAddButton3-3"
      onClick={[Function]}
    >
       
    </WithStyles(ForwardRef(Button))>
    <WithStyles(ForwardRef(Button))
      className="makeStyles-gridItem-2 makeStyles-gridItemFill-3"
      id="gridAddButton3-4"
      onClick={[Function]}
    >
       
    </WithStyles(ForwardRef(Button))>
    <WithStyles(ForwardRef(Button))
      className="makeStyles-gridItem-2 makeStyles-gridItemFill-3"
      id="gridAddButton3-5"
      onClick={[Function]}
    >
       
    </WithStyles(ForwardRef(Button))>
    <WithStyles(ForwardRef(Button))
      className="makeStyles-gridItem-2 makeStyles-gridItemFill-3"
      id="gridAddButton3-6"
      onClick={[Function]}
    >
       
    </WithStyles(ForwardRef(Button))>
    <WithStyles(ForwardRef(Button))
      className="makeStyles-gridItem-2 makeStyles-gridItemFill-3"
      id="gridAddButton3-7"
      onClick={[Function]}
    >
       
    </WithStyles(ForwardRef(Button))>
    <WithStyles(ForwardRef(Button))
      className="makeStyles-gridItem-2 makeStyles-gridItemFill-3"
      id="gridAddButton3-8"
      onClick={[Function]}
    >
       
    </WithStyles(ForwardRef(Button))>
    <WithStyles(ForwardRef(Button))
      className="makeStyles-gridItem-2 makeStyles-gridItemFill-3"
      id="gridAddButton4-0"
      onClick={[Function]}
    >
       
    </WithStyles(ForwardRef(Button))>
    <WithStyles(ForwardRef(Button))
      className="makeStyles-gridItem-2 makeStyles-gridItemFill-3"
      id="gridAddButton4-1"
      onClick={[Function]}
    >
       
    </WithStyles(ForwardRef(Button))>
    <WithStyles(ForwardRef(Button))
      className="makeStyles-gridItem-2 makeStyles-gridItemFill-3"
      id="gridAddButton4-2"
      onClick={[Function]}
    >
       
    </WithStyles(ForwardRef(Button))>
    <WithStyles(ForwardRef(Button))
      className="makeStyles-gridItem-2 makeStyles-gridItemFill-3"
      id="gridAddButton4-3"
      onClick={[Function]}
    >
       
    </WithStyles(ForwardRef(Button))>
    <WithStyles(ForwardRef(Button))
      className="makeStyles-gridItem-2 makeStyles-gridItemFill-3"
      id="gridAddButton4-4"
      onClick={[Function]}
    >
       
    </WithStyles(ForwardRef(Button))>
    <WithStyles(ForwardRef(Button))
      className="makeStyles-gridItem-2 makeStyles-gridItemFill-3"
      id="gridAddButton4-5"
      onClick={[Function]}
    >
       
    </WithStyles(ForwardRef(Button))>
    <WithStyles(ForwardRef(Button))
      className="makeStyles-gridItem-2 makeStyles-gridItemFill-3"
      id="gridAddButton4-6"
      onClick={[Function]}
    >
       
    </WithStyles(ForwardRef(Button))>
    <WithStyles(ForwardRef(Button))
      className="makeStyles-gridItem-2 makeStyles-gridItemFill-3"
      id="gridAddButton4-7"
      onClick={[Function]}
    >
       
    </WithStyles(ForwardRef(Button))>
    <WithStyles(ForwardRef(Button))
      className="makeStyles-gridItem-2 makeStyles-gridItemFill-3"
      id="gridAddButton4-8"
      onClick={[Function]}
    >
       
    </WithStyles(ForwardRef(Button))>
    <WithStyles(ForwardRef(Button))
      className="makeStyles-gridItem-2 makeStyles-gridItemFill-3"
      id="gridAddButton5-0"
      onClick={[Function]}
    >
       
    </WithStyles(ForwardRef(Button))>
    <WithStyles(ForwardRef(Button))
      className="makeStyles-gridItem-2 makeStyles-gridItemFill-3"
      id="gridAddButton5-1"
      onClick={[Function]}
    >
       
    </WithStyles(ForwardRef(Button))>
    <WithStyles(ForwardRef(Button))
      className="makeStyles-gridItem-2 makeStyles-gridItemFill-3"
      id="gridAddButton5-2"
      onClick={[Function]}
    >
       
    </WithStyles(ForwardRef(Button))>
    <WithStyles(ForwardRef(Button))
      className="makeStyles-gridItem-2 makeStyles-gridItemFill-3"
      id="gridAddButton5-3"
      onClick={[Function]}
    >
       
    </WithStyles(ForwardRef(Button))>
    <WithStyles(ForwardRef(Button))
      className="makeStyles-gridItem-2 makeStyles-gridItemFill-3"
      id="gridAddButton5-4"
      onClick={[Function]}
    >
       
    </WithStyles(ForwardRef(Button))>
    <WithStyles(ForwardRef(Button))
      className="makeStyles-gridItem-2 makeStyles-gridItemFill-3"
      id="gridAddButton5-5"
      onClick={[Function]}
    >
       
    </WithStyles(ForwardRef(Button))>
    <WithStyles(ForwardRef(Button))
      className="makeStyles-gridItem-2 makeStyles-gridItemFill-3"
      id="gridAddButton5-6"
      onClick={[Function]}
    >
       
    </WithStyles(ForwardRef(Button))>
    <WithStyles(ForwardRef(Button))
      className="makeStyles-gridItem-2 makeStyles-gridItemFill-3"
      id="gridAddButton5-7"
      onClick={[Function]}
    >
       
    </WithStyles(ForwardRef(Button))>
    <WithStyles(ForwardRef(Button))
      className="makeStyles-gridItem-2 makeStyles-gridItemFill-3"
      id="gridAddButton5-8"
      onClick={[Function]}
    >
       
    </WithStyles(ForwardRef(Button))>
    <WithStyles(ForwardRef(Button))
      className="makeStyles-gridItem-2 makeStyles-gridItemFill-3"
      id="gridAddButton6-0"
      onClick={[Function]}
    >
       
    </WithStyles(ForwardRef(Button))>
    <WithStyles(ForwardRef(Button))
      className="makeStyles-gridItem-2 makeStyles-gridItemFill-3"
      id="gridAddButton6-1"
      onClick={[Function]}
    >
       
    </WithStyles(ForwardRef(Button))>
    <WithStyles(ForwardRef(Button))
      className="makeStyles-gridItem-2 makeStyles-gridItemFill-3"
      id="gridAddButton6-2"
      onClick={[Function]}
    >
       
    </WithStyles(ForwardRef(Button))>
    <WithStyles(ForwardRef(Button))
      className="makeStyles-gridItem-2 makeStyles-gridItemFill-3"
      id="gridAddButton6-3"
      onClick={[Function]}
    >
       
    </WithStyles(ForwardRef(Button))>
    <WithStyles(ForwardRef(Button))
      className="makeStyles-gridItem-2 makeStyles-gridItemFill-3"
      id="gridAddButton6-4"
      onClick={[Function]}
    >
       
    </WithStyles(ForwardRef(Button))>
    <WithStyles(ForwardRef(Button))
      className="makeStyles-gridItem-2 makeStyles-gridItemFill-3"
      id="gridAddButton6-5"
      onClick={[Function]}
    >
       
    </WithStyles(ForwardRef(Button))>
    <WithStyles(ForwardRef(Button))
      className="makeStyles-gridItem-2 makeStyles-gridItemFill-3"
      id="gridAddButton6-6"
      onClick={[Function]}
    >
       
    </WithStyles(ForwardRef(Button))>
    <WithStyles(ForwardRef(Button))
      className="makeStyles-gridItem-2 makeStyles-gridItemFill-3"
      id="gridAddButton6-7"
      onClick={[Function]}
    >
       
    </WithStyles(ForwardRef(Button))>
    <WithStyles(ForwardRef(Button))
      className="makeStyles-gridItem-2 makeStyles-gridItemFill-3"
      id="gridAddButton6-8"
      onClick={[Function]}
    >
       
    </WithStyles(ForwardRef(Button))>
    <div
      className="makeStyles-gridItem-2"
    >
       
    </div>
    <WithStyles(ForwardRef(Button))
      className="makeStyles-gridItem-2 makeStyles-gridItemFill-3"
      id="gridAddButton7-1"
      onClick={[Function]}
    >
       
    </WithStyles(ForwardRef(Button))>
    <WithStyles(ForwardRef(Button))
      className="makeStyles-gridItem-2 makeStyles-gridItemFill-3"
      id="gridAddButton7-2"
      onClick={[Function]}
    >
       
    </WithStyles(ForwardRef(Button))>
    <WithStyles(ForwardRef(Button))
      className="makeStyles-gridItem-2 makeStyles-gridItemFill-3"
      id="gridAddButton7-3"
      onClick={[Function]}
    >
       
    </WithStyles(ForwardRef(Button))>
    <WithStyles(ForwardRef(Button))
      className="makeStyles-gridItem-2 makeStyles-gridItemFill-3"
      id="gridAddButton7-4"
      onClick={[Function]}
    >
       
    </WithStyles(ForwardRef(Button))>
    <WithStyles(ForwardRef(Button))
      className="makeStyles-gridItem-2 makeStyles-gridItemFill-3"
      id="gridAddButton7-5"
      onClick={[Function]}
    >
       
    </WithStyles(ForwardRef(Button))>
    <WithStyles(ForwardRef(Button))
      className="makeStyles-gridItem-2 makeStyles-gridItemFill-3"
      id="gridAddButton7-6"
      onClick={[Function]}
    >
       
    </WithStyles(ForwardRef(Button))>
    <WithStyles(ForwardRef(Button))
      className="makeStyles-gridItem-2 makeStyles-gridItemFill-3"
      id="gridAddButton7-7"
      onClick={[Function]}
    >
       
    </WithStyles(ForwardRef(Button))>
    <div
      className="makeStyles-gridItem-2"
    >
       
    </div>
    <div
      className="makeStyles-gridItem-2"
    >
       
    </div>
    <div
      className="makeStyles-gridItem-2"
    >
       
    </div>
    <WithStyles(ForwardRef(Button))
      className="makeStyles-gridItem-2 makeStyles-gridItemFill-3"
      id="gridAddButton8-2"
      onClick={[Function]}
    >
       
    </WithStyles(ForwardRef(Button))>
    <WithStyles(ForwardRef(Button))
      className="makeStyles-gridItem-2 makeStyles-gridItemFill-3"
      id="gridAddButton8-3"
      onClick={[Function]}
    >
       
    </WithStyles(ForwardRef(Button))>
    <WithStyles(ForwardRef(Button))
      className="makeStyles-gridItem-2 makeStyles-gridItemFill-3"
      id="gridAddButton8-4"
      onClick={[Function]}
    >
       
    </WithStyles(ForwardRef(Button))>
    <WithStyles(ForwardRef(Button))
      className="makeStyles-gridItem-2 makeStyles-gridItemFill-3"
      id="gridAddButton8-5"
      onClick={[Function]}
    >
       
    </WithStyles(ForwardRef(Button))>
    <WithStyles(ForwardRef(Button))
      className="makeStyles-gridItem-2 makeStyles-gridItemFill-3"
      id="gridAddButton8-6"
      onClick={[Function]}
    >
       
    </WithStyles(ForwardRef(Button))>
    <div
      className="makeStyles-gridItem-2"
    >
       
    </div>
    <div
      className="makeStyles-gridItem-2"
    >
       
    </div>
  </div>
</Fragment>
`;
