// Jest Snapshot v1, https://goo.gl/fbAQLP

exports[`Edit Event Room view test should match snapshot 1`] = `
<WithStyles(ForwardRef(Container))
  className="makeStyles-mainSection-1"
>
  <WithStyles(ForwardRef(Snackbar))
    anchorOrigin={
      Object {
        "horizontal": "center",
        "vertical": "top",
      }
    }
    autoHideDuration={5000}
    onClose={[Function]}
    open={false}
  >
    <WithStyles(ForwardRef(Alert))
      elevation={6}
      onClose={[Function]}
      severity="success"
      variant="filled"
    />
  </WithStyles(ForwardRef(Snackbar))>
  <WithStyles(ForwardRef(Typography))
    variant="h4"
  >
    Edit Event Room
  </WithStyles(ForwardRef(Typography))>
  <EventRoomForm
    onSubmit={[Function]}
    submitText="Save Event Room"
    updateEventRoom={
      Object {
        "_id": "mockId",
        "background": "mockBackground",
        "eventDate": "2021-03-17T00:00:00.000Z",
        "meetingTables": Array [],
        "scene": "mockScene",
        "title": "mockTitle",
      }
    }
  />
</WithStyles(ForwardRef(Container))>
`;
